
===========================================================================
 report_power
============================================================================
======================= max_ff_n40C_1v95 Corner ===================================

Group                    Internal    Switching      Leakage        Total
                            Power        Power        Power        Power (Watts)
------------------------------------------------------------------------
Sequential           2.406038e-04 1.446675e-05 1.641382e-09 2.550722e-04  26.3%
Combinational        1.644706e-04 3.263492e-04 6.224663e-09 4.908260e-04  50.5%
Clock                1.278358e-04 9.783568e-05 1.639399e-09 2.256731e-04  23.2%
Macro                0.000000e+00 0.000000e+00 0.000000e+00 0.000000e+00   0.0%
Pad                  0.000000e+00 0.000000e+00 0.000000e+00 0.000000e+00   0.0%
------------------------------------------------------------------------
Total                5.329104e-04 4.386517e-04 9.505458e-09 9.715716e-04 100.0%
                            54.9%        45.1%         0.0%

