
===========================================================================
 report_power
============================================================================
======================= nom_tt_025C_1v80 Corner ===================================

Group                    Internal    Switching      Leakage        Total
                            Power        Power        Power        Power (Watts)
------------------------------------------------------------------------
Sequential           2.078387e-04 1.172264e-05 9.475538e-10 2.195623e-04  26.7%
Combinational        1.453904e-04 2.677195e-04 1.869620e-09 4.131118e-04  50.1%
Clock                1.115347e-04 7.959592e-05 7.530078e-10 1.911314e-04  23.2%
Macro                0.000000e+00 0.000000e+00 0.000000e+00 0.000000e+00   0.0%
Pad                  0.000000e+00 0.000000e+00 0.000000e+00 0.000000e+00   0.0%
------------------------------------------------------------------------
Total                4.647637e-04 3.590381e-04 3.570180e-09 8.238053e-04 100.0%
                            56.4%        43.6%         0.0%

