
===========================================================================
 report_power
============================================================================
======================= min_ss_100C_1v60 Corner ===================================

Group                    Internal    Switching      Leakage        Total
                            Power        Power        Power        Power (Watts)
------------------------------------------------------------------------
Sequential           1.620049e-04 8.775616e-06 1.633663e-06 1.724142e-04  26.9%
Combinational        1.160687e-04 1.996451e-04 2.495020e-06 3.182087e-04  49.6%
Clock                9.148904e-05 5.896342e-05 3.298573e-07 1.507823e-04  23.5%
Macro                0.000000e+00 0.000000e+00 0.000000e+00 0.000000e+00   0.0%
Pad                  0.000000e+00 0.000000e+00 0.000000e+00 0.000000e+00   0.0%
------------------------------------------------------------------------
Total                3.695625e-04 2.673841e-04 4.458552e-06 6.414051e-04 100.0%
                            57.6%        41.7%         0.7%

