Clock: clk
Sources: wb_clk_i 
Generated: no
Virtual: yes
Propagated: no
Period: 25.000000

===========================================================================
report_clock_properties
============================================================================
Clock                   Period          Waveform
----------------------------------------------------
clk                  25.000000    0.000000 12.500000

===========================================================================
report_clock_latency
============================================================================
Clock clk
rise -> rise
    min     max
4.650000 5.570000 source latency
5.622458         network latency rgb_mixer/_794_/CLK
        6.564043 network latency rgb_mixer/_795_/CLK
---------------
10.272458 12.134044 latency
        1.861586 skew

fall -> fall
    min     max
4.650000 5.570000 source latency
5.634736         network latency rgb_mixer/_794_/CLK
        6.573496 network latency rgb_mixer/_795_/CLK
---------------
10.284735 12.143496 latency
        1.858760 skew



===========================================================================
report_clock_min_period
============================================================================
clk period_min = 6.90 fmax = 144.99
