
===========================================================================
 report_power
============================================================================
======================= max_tt_025C_1v80 Corner ===================================

Group                    Internal    Switching      Leakage        Total
                            Power        Power        Power        Power (Watts)
------------------------------------------------------------------------
Sequential           2.078048e-04 1.204251e-05 9.475538e-10 2.198482e-04  26.3%
Combinational        1.454053e-04 2.769387e-04 1.869620e-09 4.223459e-04  50.5%
Clock                1.115307e-04 8.246068e-05 7.530078e-10 1.939921e-04  23.2%
Macro                0.000000e+00 0.000000e+00 0.000000e+00 0.000000e+00   0.0%
Pad                  0.000000e+00 0.000000e+00 0.000000e+00 0.000000e+00   0.0%
------------------------------------------------------------------------
Total                4.647408e-04 3.714418e-04 3.570180e-09 8.361862e-04 100.0%
                            55.6%        44.4%         0.0%

