┏━━━━━━━━━━━━━━━━━━━━━━┳━━━━━━━━━━┳━━━━━━━━━━┳━━━━━━━━━━┳━━━━━━━━━━┳━━━━━━━━━━━┳━━━━━━━━━━┳━━━━━━━━━━━┳━━━━━━━━━━┳━━━━━━━━━━━┳━━━━━━━━━━┳━━━━━━━━━━━┳━━━━━━━━━━┓
┃                      ┃ Hold     ┃ Reg to   ┃          ┃          ┃ of which  ┃ Setup    ┃           ┃          ┃           ┃ of which ┃           ┃          ┃
┃                      ┃ Worst    ┃ Reg      ┃          ┃ Hold Vio ┃ reg to    ┃ Worst    ┃ Reg to    ┃ Setup    ┃ Setup Vio ┃ reg to   ┃ Max Cap   ┃ Max Slew ┃
┃ Corner/Group         ┃ Slack    ┃ Paths    ┃ Hold TNS ┃ Count    ┃ reg       ┃ Slack    ┃ Reg Paths ┃ TNS      ┃ Count     ┃ reg      ┃ Violatio… ┃ Violati… ┃
┡━━━━━━━━━━━━━━━━━━━━━━╇━━━━━━━━━━╇━━━━━━━━━━╇━━━━━━━━━━╇━━━━━━━━━━╇━━━━━━━━━━━╇━━━━━━━━━━╇━━━━━━━━━━━╇━━━━━━━━━━╇━━━━━━━━━━━╇━━━━━━━━━━╇━━━━━━━━━━━╇━━━━━━━━━━┩
│ Overall              │ 0.4106   │ 0.4106   │ 0.0000   │ 0        │ 0         │ 11.6464  │ 18.1032   │ 0.0000   │ 0         │ 0        │ 0         │ 8        │
│ nom_tt_025C_1v80     │ 0.7501   │ 0.7501   │ 0.0000   │ 0        │ 0         │ 11.8620  │ 21.3977   │ 0.0000   │ 0         │ 0        │ 0         │ 8        │
│ nom_ss_100C_1v60     │ 1.7549   │ 1.7549   │ 0.0000   │ 0        │ 0         │ 12.2410  │ 18.1804   │ 0.0000   │ 0         │ 0        │ 0         │ 8        │
│ nom_ff_n40C_1v95     │ 0.4126   │ 0.4126   │ 0.0000   │ 0        │ 0         │ 11.6547  │ 22.5738   │ 0.0000   │ 0         │ 0        │ 0         │ 8        │
│ min_tt_025C_1v80     │ 0.7472   │ 0.7472   │ 0.0000   │ 0        │ 0         │ 11.8510  │ 21.4378   │ 0.0000   │ 0         │ 0        │ 0         │ 8        │
│ min_ss_100C_1v60     │ 1.7517   │ 1.7517   │ 0.0000   │ 0        │ 0         │ 12.2262  │ 18.2326   │ 0.0000   │ 0         │ 0        │ 0         │ 8        │
│ min_ff_n40C_1v95     │ 0.4106   │ 0.4106   │ 0.0000   │ 0        │ 0         │ 11.6464  │ 22.6004   │ 0.0000   │ 0         │ 0        │ 0         │ 8        │
│ max_tt_025C_1v80     │ 0.7530   │ 0.7530   │ 0.0000   │ 0        │ 0         │ 11.8734  │ 21.3530   │ 0.0000   │ 0         │ 0        │ 0         │ 8        │
│ max_ss_100C_1v60     │ 1.7595   │ 1.7595   │ 0.0000   │ 0        │ 0         │ 12.2574  │ 18.1032   │ 0.0000   │ 0         │ 0        │ 0         │ 8        │
│ max_ff_n40C_1v95     │ 0.4146   │ 0.4146   │ 0.0000   │ 0        │ 0         │ 11.6629  │ 22.5447   │ 0.0000   │ 0         │ 0        │ 0         │ 8        │
└──────────────────────┴──────────┴──────────┴──────────┴──────────┴───────────┴──────────┴───────────┴──────────┴───────────┴──────────┴───────────┴──────────┘
