
===========================================================================
 report_power
============================================================================
======================= min_tt_025C_1v80 Corner ===================================

Group                    Internal    Switching      Leakage        Total
                            Power        Power        Power        Power (Watts)
------------------------------------------------------------------------
Sequential           2.078614e-04 1.138207e-05 9.475538e-10 2.192444e-04  27.2%
Combinational        1.453706e-04 2.538954e-04 1.869620e-09 3.992679e-04  49.5%
Clock                1.115434e-04 7.681696e-05 7.530078e-10 1.883611e-04  23.3%
Macro                0.000000e+00 0.000000e+00 0.000000e+00 0.000000e+00   0.0%
Pad                  0.000000e+00 0.000000e+00 0.000000e+00 0.000000e+00   0.0%
------------------------------------------------------------------------
Total                4.647754e-04 3.420944e-04 3.570180e-09 8.068734e-04 100.0%
                            57.6%        42.4%         0.0%

