
===========================================================================
 report_power
============================================================================
======================= nom_ff_n40C_1v95 Corner ===================================

Group                    Internal    Switching      Leakage        Total
                            Power        Power        Power        Power (Watts)
------------------------------------------------------------------------
Sequential           2.406719e-04 1.409134e-05 1.641382e-09 2.547649e-04  26.6%
Combinational        1.644412e-04 3.155294e-04 6.224663e-09 4.799768e-04  50.2%
Clock                1.278148e-04 9.447358e-05 1.639399e-09 2.222900e-04  23.2%
Macro                0.000000e+00 0.000000e+00 0.000000e+00 0.000000e+00   0.0%
Pad                  0.000000e+00 0.000000e+00 0.000000e+00 0.000000e+00   0.0%
------------------------------------------------------------------------
Total                5.329276e-04 4.240943e-04 9.505458e-09 9.570314e-04 100.0%
                            55.7%        44.3%         0.0%

