
===========================================================================
 report_power
============================================================================
======================= nom_ss_100C_1v60 Corner ===================================

Group                    Internal    Switching      Leakage        Total
                            Power        Power        Power        Power (Watts)
------------------------------------------------------------------------
Sequential           1.619586e-04 9.044705e-06 1.633663e-06 1.726370e-04  26.4%
Combinational        1.160621e-04 2.105677e-04 2.495020e-06 3.291249e-04  50.3%
Clock                9.155446e-05 6.115912e-05 3.298573e-07 1.530435e-04  23.4%
Macro                0.000000e+00 0.000000e+00 0.000000e+00 0.000000e+00   0.0%
Pad                  0.000000e+00 0.000000e+00 0.000000e+00 0.000000e+00   0.0%
------------------------------------------------------------------------
Total                3.695754e-04 2.807716e-04 4.458552e-06 6.548055e-04 100.0%
                            56.4%        42.9%         0.7%

